// Jest Snapshot v1, https://goo.gl/fbAQLP

exports[`renders Correctly 1`] = `
<div
  className="container"
  style={
    Object {
      "minHeight": "100vh",
    }
  }
/>
`;
